<?xml version="1.0" encoding="utf-8"?><testsuites><testsuite name="pytest" errors="0" failures="0" skipped="0" tests="1" time="0.576" timestamp="2024-11-29T12:21:03.535632+13:00" hostname="NIWA-1019802"><testcase classname="processing.test.test_lambda_function_mongoDB_schema" name="test_parse_data_rows[lines0-1-headers0-expected_data_rows0]" time="0.006" /></testsuite></testsuites>